
> frontend@0.0.0 build
> vite build

[36mvite v8.0.5 [32mbuilding client environment for production...[36m[39m
[2K
transforming...Γ£ô 2678 modules transformed.
rendering chunks...
node.exe : [31mΓ£ù[39m 
Build failed in 1.02s
At C:\Program 
Files\nodejs\npm.ps1:29 
char:3
+   & $NODE_EXE 
$NPM_CLI_JS $args
+   ~~~~~~~~~~~~~~~~~~~~~~
~~~~~~~
    + CategoryInfo        
      : NotSpecified: (  
  [31mΓ£ù[39m Build fa   
 iled in 1.02s:String)    
 [], RemoteException
    + FullyQualifiedError 
   Id : NativeCommandErr  
  or
 
[31merror during build:
[31mBuild failed with 3 
errors:

[31m[MISSING_EXPORT] 
Error:[0m "Github" is 
not exported by "node_modu
les/lucide-react/dist/esm/
lucide-react.js".
   [38;5;246mΓò¡[0m[38;
5;246mΓöÇ[0m[38;5;246m[
[0m src/components/Hero.js
x:2:10 [38;5;246m][0m
   [38;5;246mΓöé[0m
 [38;5;246m2 Γöé[0m [38
;5;249mi[0m[38;5;249mm[
0m[38;5;249mp[0m[38;5;2
49mo[0m[38;5;249mr[0m[
38;5;249mt[0m[38;5;249m 
[0m[38;5;249m{[0m[38;5
;249m [0mGithub[38;5;249
m,[0m[38;5;249m [0m[38
;5;249mL[0m[38;5;249mi[
0m[38;5;249mn[0m[38;5;2
49mk[0m[38;5;249me[0m[
38;5;249md[0m[38;5;249mi
[0m[38;5;249mn[0m[38;5
;249m,[0m[38;5;249m [0m
[38;5;249mM[0m[38;5;249
ma[0m[38;5;249mi[0m[38
;5;249ml[0m[38;5;249m,[
0m[38;5;249m [0m[38;5;2
49mD[0m[38;5;249mo[0m[
38;5;249mw[0m[38;5;249mn
[0m[38;5;249ml[0m[38;5
;249mo[0m[38;5;249ma[0m
[38;5;249md[0m[38;5;249
m [0m[38;5;249m}[0m[38
;5;249m [0m[38;5;249mf[
0m[38;5;249mr[0m[38;5;2
49mo[0m[38;5;249mm[0m[
38;5;249m [0m[38;5;249m"
[0m[38;5;249ml[0m[38;5
;249mu[0m[38;5;249mc[0m
[38;5;249mi[0m[38;5;249
md[0m[38;5;249me[0m[38
;5;249m-[0m[38;5;249mr[
0m[38;5;249me[0m[38;5;2
49ma[0m[38;5;249mc[0m[
38;5;249mt[0m[38;5;249m"
[0m[38;5;249m;[0m
 [38;5;240m  Γöé[0m     
     ΓöÇΓöÇΓöÇΓö¼ΓöÇΓöÇ  
 [38;5;240m  Γöé[0m     
        Γò░ΓöÇΓöÇΓöÇΓöÇ 
Missing export
[38;5;246mΓöÇΓöÇΓöÇΓò»[0
m

[31m[MISSING_EXPORT] 
Error:[0m "Linkedin" is 
not exported by "node_modu
les/lucide-react/dist/esm/
lucide-react.js".
   [38;5;246mΓò¡[0m[38;
5;246mΓöÇ[0m[38;5;246m[
[0m src/components/Hero.js
x:2:18 [38;5;246m][0m
   [38;5;246mΓöé[0m
 [38;5;246m2 Γöé[0m [38
;5;249mi[0m[38;5;249mm[
0m[38;5;249mp[0m[38;5;2
49mo[0m[38;5;249mr[0m[
38;5;249mt[0m[38;5;249m 
[0m[38;5;249m{[0m[38;5
;249m [0m[38;5;249mG[0m
[38;5;249mi[0m[38;5;249
mt[0m[38;5;249mh[0m[38
;5;249mu[0m[38;5;249mb[
0m[38;5;249m,[0m[38;5;2
49m [0mLinkedin[38;5;249
m,[0m[38;5;249m [0m[38
;5;249mM[0m[38;5;249ma[
0m[38;5;249mi[0m[38;5;2
49ml[0m[38;5;249m,[0m[
38;5;249m [0m[38;5;249mD
[0m[38;5;249mo[0m[38;5
;249mw[0m[38;5;249mn[0m
[38;5;249ml[0m[38;5;249
mo[0m[38;5;249ma[0m[38
;5;249md[0m[38;5;249m [
0m[38;5;249m}[0m[38;5;2
49m [0m[38;5;249mf[0m[
38;5;249mr[0m[38;5;249mo
[0m[38;5;249mm[0m[38;5
;249m [0m[38;5;249m"[0m
[38;5;249ml[0m[38;5;249
mu[0m[38;5;249mc[0m[38
;5;249mi[0m[38;5;249md[
0m[38;5;249me[0m[38;5;2
49m-[0m[38;5;249mr[0m[
38;5;249me[0m[38;5;249ma
[0m[38;5;249mc[0m[38;5
;249mt[0m[38;5;249m"[0m
[38;5;249m;[0m
 [38;5;240m  Γöé[0m     
             
ΓöÇΓöÇΓöÇΓöÇΓö¼ΓöÇΓöÇΓöÇ  
 [38;5;240m  Γöé[0m     
                 
Γò░ΓöÇΓöÇΓöÇΓöÇΓöÇ 
Missing export
[38;5;246mΓöÇΓöÇΓöÇΓò»[0
m

[31m[MISSING_EXPORT] 
Error:[0m "Github" is 
not exported by "node_modu
les/lucide-react/dist/esm/
lucide-react.js".
   [38;5;246mΓò¡[0m[38;
5;246mΓöÇ[0m[38;5;246m[
[0m src/components/Project
s.jsx:2:24 
[38;5;246m][0m
   [38;5;246mΓöé[0m
 [38;5;246m2 Γöé[0m [38
;5;249mi[0m[38;5;249mm[
0m[38;5;249mp[0m[38;5;2
49mo[0m[38;5;249mr[0m[
38;5;249mt[0m[38;5;249m 
[0m[38;5;249m{[0m[38;5
;249m [0m[38;5;249mE[0m
[38;5;249mx[0m[38;5;249
mt[0m[38;5;249me[0m[38
;5;249mr[0m[38;5;249mn[
0m[38;5;249ma[0m[38;5;2
49ml[0m[38;5;249mL[0m[
38;5;249mi[0m[38;5;249mn
[0m[38;5;249mk[0m[38;5
;249m,[0m[38;5;249m 
[0mGithub[38;5;249m [0m
[38;5;249m}[0m[38;5;249
m [0m[38;5;249mf[0m[38
;5;249mr[0m[38;5;249mo[
0m[38;5;249mm[0m[38;5;2
49m [0m[38;5;249m"[0m[
38;5;249ml[0m[38;5;249mu
[0m[38;5;249mc[0m[38;5
;249mi[0m[38;5;249md[0m
[38;5;249me[0m[38;5;249
m-[0m[38;5;249mr[0m[38
;5;249me[0m[38;5;249ma[
0m[38;5;249mc[0m[38;5;2
49mt[0m[38;5;249m"[0m[
38;5;249m;[0m
 [38;5;240m  Γöé[0m     
                   
ΓöÇΓöÇΓöÇΓö¼ΓöÇΓöÇ  
 [38;5;240m  Γöé[0m     
                      
Γò░ΓöÇΓöÇΓöÇΓöÇ Missing 
export
[38;5;246mΓöÇΓöÇΓöÇΓò»[0
m
[31m
    at aggregateBindingErr
orsIntoJsError (file:///D:
/portfolio/frontend/node_m
odules/rolldown/dist/share
d/error-BLhcSyeg.mjs:48:18
)
    at 
unwrapBindingResult (file:
///D:/portfolio/frontend/n
ode_modules/rolldown/dist/
shared/error-BLhcSyeg.mjs:
18:128)
    at #build (file:///D:/
portfolio/frontend/node_mo
dules/rolldown/dist/shared
/rolldown-build-CPrIX9V6.m
js:3313:34)
    at async 
buildEnvironment (file:///
D:/portfolio/frontend/node
_modules/vite/dist/node/ch
unks/node.js:32939:64)
    at async Object.build 
(file:///D:/portfolio/fron
tend/node_modules/vite/dis
t/node/chunks/node.js:3336
1:19)
    at async 
Object.buildApp (file:///D
:/portfolio/frontend/node_
modules/vite/dist/node/chu
nks/node.js:33358:153)
    at async 
CAC.<anonymous> (file:///D
:/portfolio/frontend/node_
modules/vite/dist/node/cli
.js:778:3) {
  errors: [Getter/Setter]
}[39m
